ASxxxx Linker V03.00/V05.40 + sdld,  page 1.
Hexadecimal  [32-Bits]

Area                                    Addr        Size        Decimal Bytes (Attributes)
--------------------------------        ----        ----        ------- ----- ------------
.  .ABS.                            00000000    00000000 =           0. bytes (ABS,CON)

      Value  Global                              Global Defined In Module
      -----  --------------------------------   ------------------------
     00000000  .__.ABS.                           
     00000000  _rRAMG                             
     00000000  l__BASE                         
     00000000  l__BSS                          
     00000000  l__CABS                         
     00000000  l__CODE_0                       
     00000000  l__CRASH_HEADER                 
     00000000  l__CRASH_SCRATCH                
     00000000  l__DABS                         
     00000000  l__HEADER                       
     00000000  l__HEADER_LCD                   
     00000000  l__HEADER_SIO                   
     00000000  l__HEADER_TIMER                 
     00000000  l__HEAP                         
     00000000  l__HEAP_END                     
     00000000  l__HRAM                         
     00000000  l__LIT                          
     00000000  s__CABS                         
     00000000  s__CRASH_HEADER                 
     00000000  s__CRASH_HEADER0                
     00000000  s__CRASH_HEADER1                
     00000000  s__CRASH_SCRATCH                
     00000000  s__CRASH_SCRATCH2               
     00000000  s__DABS                         
     00000000  s__HEADER                       
     00000000  s__HEADER0                      
     00000000  s__HEADER1                      
     00000000  s__HEADER10                     
     00000000  s__HEADER11                     
     00000000  s__HEADER2                      
     00000000  s__HEADER3                      
     00000000  s__HEADER4                      
     00000000  s__HEADER5                      
     00000000  s__HEADER6                      
     00000000  s__HEADER7                      
     00000000  s__HEADER8                      
     00000000  s__HEADER9                      
     00000000  s__HEADER_LCD                   
     00000000  s__HEADER_LCD0                  
     00000000  s__HEADER_SIO                   
     00000000  s__HEADER_SIO0                  
     00000000  s__HEADER_TIMER                 
     00000000  s__HEADER_TIMER0                
     00000000  s__HEADERa                      
     00000000  s__HEADERb                      
     00000000  s__HEADERc                      
     00000000  s__HEADERd                      
     00000000  s__HEADERe                      
     00000000  s__HEADERf                      
     00000000  s__HRAM                         
ASxxxx Linker V03.00/V05.40 + sdld,  page 2.
Hexadecimal  [32-Bits]

Area                                    Addr        Size        Decimal Bytes (Attributes)
--------------------------------        ----        ----        ------- ----- ------------
.  .ABS.                            00000000    00000000 =           0. bytes (ABS,CON)

      Value  Global                              Global Defined In Module
      -----  --------------------------------   ------------------------
     00000000  s__HRAM12                       
     00000001  ___bank_ACTOR                      actor
     00000001  ___bank_VM_ACTOR                   vm_actor
     00000001  ___bank_VM_SGB                     vm_sgb
     00000001  ___bank_VM_UI                      vm_ui
     00000001  ___bank_trigger_19_interact        trigger_19_interact
     00000001  ___mute_mask_sound_legacy_0        sound_legacy_0
     00000001  b_activate_actor                   actor
     00000001  b_activate_actors_in_col           actor
     00000001  b_activate_actors_in_row           actor
     00000001  b_actor_at_tile                    actor
     00000001  b_actor_get_frame_offset           actor
     00000001  b_actor_in_front_of_player         actor
     00000001  b_actor_overlapping_bb             actor
     00000001  b_actor_overlapping_player         actor
     00000001  b_actor_set_anim_idle              actor
     00000001  b_actor_set_anim_moving            actor
     00000001  b_actor_set_dir                    actor
     00000001  b_actor_set_frame_offset           actor
     00000001  b_actor_set_frames                 actor
     00000001  b_actors_handle_player_collision   actor
     00000001  b_actors_init                      actor
     00000001  b_check_collision_in_direction     actor
     00000001  b_deactivate_actor                 actor
     00000001  b_player_init                      actor
     00000001  b_set_sgb_border                   sgb_border
     00000001  b_ui_draw_frame                    ui
     00000001  b_ui_draw_text_buffer_char         ui
     00000001  b_ui_init                          ui
     00000001  b_ui_load_tiles                    ui
     00000001  b_ui_run_menu                      ui
     00000001  b_ui_run_modal                     ui
     00000001  b_ui_set_start_tile                ui
     00000001  b_vm_actor_activate                vm_actor
     00000001  b_vm_actor_begin_update            vm_actor
     00000001  b_vm_actor_deactivate              vm_actor
     00000001  b_vm_actor_emote                   vm_actor
     00000001  b_vm_actor_get_angle               vm_actor
     00000001  b_vm_actor_get_anim_frame          vm_actor
     00000001  b_vm_actor_get_dir                 vm_actor
     00000001  b_vm_actor_get_pos                 vm_actor
     00000001  b_vm_actor_move_cancel             vm_actor
     00000001  b_vm_actor_move_to                 vm_actor
     00000001  b_vm_actor_replace_tile            vm_actor
     00000001  b_vm_actor_set_anim                vm_actor
     00000001  b_vm_actor_set_anim_frame          vm_actor
     00000001  b_vm_actor_set_anim_set            vm_actor
     00000001  b_vm_actor_set_anim_tick           vm_actor
     00000001  b_vm_actor_set_bounds              vm_actor
     00000001  b_vm_actor_set_dir                 vm_actor
     00000001  b_vm_actor_set_flags               vm_actor
ASxxxx Linker V03.00/V05.40 + sdld,  page 3.
Hexadecimal  [32-Bits]

Area                                    Addr        Size        Decimal Bytes (Attributes)
--------------------------------        ----        ----        ------- ----- ------------
.  .ABS.                            00000000    00000000 =           0. bytes (ABS,CON)

      Value  Global                              Global Defined In Module
      -----  --------------------------------   ------------------------
     00000001  b_vm_actor_set_move_speed          vm_actor
     00000001  b_vm_actor_set_pos                 vm_actor
     00000001  b_vm_actor_set_spritesheet         vm_actor
     00000001  b_vm_actor_set_spritesheet_by_re   vm_actor
     00000001  b_vm_actor_terminate_update        vm_actor
     00000001  b_vm_choice                        vm_ui
     00000001  b_vm_display_text                  vm_ui
     00000001  b_vm_overlay_clear                 vm_ui
     00000001  b_vm_overlay_move_to               vm_ui
     00000001  b_vm_overlay_scroll                vm_ui
     00000001  b_vm_overlay_set_map               vm_ui
     00000001  b_vm_overlay_set_scroll            vm_ui
     00000001  b_vm_overlay_set_submap            vm_ui
     00000001  b_vm_overlay_set_submap_ex         vm_ui
     00000001  b_vm_overlay_setpos                vm_ui
     00000001  b_vm_overlay_show                  vm_ui
     00000001  b_vm_overlay_wait                  vm_ui
     00000001  b_vm_set_font                      vm_ui
     00000001  b_vm_set_text_sound                vm_ui
     00000001  b_vm_switch_text_layer             vm_ui
     00000001  l__GSFINAL                      
     00000001  l__HEADER0                      
     00000001  l__HEADER5                      
     00000001  l__HEADERa                      
     00000001  l__HEADERb                      
     00000001  l__HEADERc                      
     00000001  l__HEADERe                      
     00000001  l__HEADERf                      
     00000002  ___bank_bg_leaving_earth_tilemap   bg_leaving_earth_tilemap
     00000002  ___bank_bg_leaving_earth_tilemap   bg_leaving_earth_tilemap_att
     00000002  ___bank_bg_underground_tileset     bg_underground_tileset
     00000002  ___bank_song_rulz_lightmood_0_Da   song_rulz_lightmood_0_Data
     00000002  ___mute_mask_sound_gbstudio_sfx_   sound_gbstudio_sfx_sav
     00000002  ___mute_mask_sound_gbstudio_sfx_   sound_gbstudio_sfx_sav
     00000002  ___mute_mask_sound_gbstudio_sfx_   sound_gbstudio_sfx_sav
     00000002  ___mute_mask_sound_gbstudio_sfx_   sound_gbstudio_sfx_sav
     00000002  ___mute_mask_sound_gbstudio_sfx_   sound_gbstudio_sfx_sav
     00000002  ___mute_mask_sound_gbstudio_sfx_   sound_gbstudio_sfx_sav
     00000002  ___mute_mask_sound_gbstudio_sfx_   sound_gbstudio_sfx_sav
     00000002  b_scroll_init                      scroll
     00000002  b_scroll_repaint                   scroll
     00000002  b_scroll_reset                     scroll
     00000002  b_scroll_update                    scroll
     00000002  l__HEADER10                     
     00000002  l__HEADER6                      
     00000002  l__HEADERd                      
     00000003  ___bank_scene_space_battle_colli   scene_space_battle_collision
     00000003  ___bank_song_rulz_battletheme_0_   song_rulz_battletheme_0_Data
     00000003  ___bank_song_rulz_fastpacespeedr   song_rulz_fastpacespeedrace_
     00000003  ___bank_song_rulz_into_the_woods   song_rulz_into_the_woods_0_D
     00000003  b_scroll_rect                      
ASxxxx Linker V03.00/V05.40 + sdld,  page 4.
Hexadecimal  [32-Bits]

Area                                    Addr        Size        Decimal Bytes (Attributes)
--------------------------------        ----        ----        ------- ----- ------------
.  .ABS.                            00000000    00000000 =           0. bytes (ABS,CON)

      Value  Global                              Global Defined In Module
      -----  --------------------------------   ------------------------
     00000003  l__HEADER9                      
     00000003  l__HEADER_LCD0                  
     00000003  l__HRAM12                       
     00000004  ___bank_VM_MAIN                    vm
     00000004  ___bank_font_gbs_variable_width    font_gbs_variable_width
     00000004  ___bank_scene_player_s_house_act   scene_player_s_house_actors
     00000004  ___bank_song_rulz_gonaspace_0_Da   song_rulz_gonaspace_0_Data
     00000004  ___bank_song_rulz_pause_undergro   song_rulz_pause_underground_
     00000004  b_projectile_launch                projectiles
     00000004  b_projectiles_init                 projectiles
     00000004  b_script_detach_hthread            vm
     00000004  b_script_execute                   vm
     00000004  b_script_runner_init               vm
     00000004  b_script_terminate                 vm
     00000004  b_vm_call                          vm
     00000004  b_vm_call_far                      vm
     00000004  b_vm_get_indirect                  vm
     00000004  b_vm_get_tlocal                    vm
     00000004  b_vm_idle                          vm
     00000004  b_vm_if                            vm
     00000004  b_vm_if_const                      vm
     00000004  b_vm_init_rng                      vm
     00000004  b_vm_invoke                        vm
     00000004  b_vm_join                          vm
     00000004  b_vm_jump                          vm
     00000004  b_vm_lock                          vm
     00000004  b_vm_loop                          vm
     00000004  b_vm_memcpy                        vm
     00000004  b_vm_memset                        vm
     00000004  b_vm_poll_loaded                   vm
     00000004  b_vm_pop                           vm
     00000004  b_vm_push                          vm
     00000004  b_vm_push_reference                vm
     00000004  b_vm_push_value                    vm
     00000004  b_vm_push_value_ind                vm
     00000004  b_vm_raise                         vm
     00000004  b_vm_rand                          vm
     00000004  b_vm_reserve                       vm
     00000004  b_vm_ret                           vm
     00000004  b_vm_ret_far                       vm
     00000004  b_vm_set                           vm
     00000004  b_vm_set_const                     vm
     00000004  b_vm_set_indirect                  vm
     00000004  b_vm_terminate                     vm
     00000004  b_vm_test_terminate                vm
     00000004  b_vm_unlock                        vm
     00000004  b_wait_frames                      vm
     00000004  l__CRASH_HEADER1                
     00000004  l__HEADER_SIO0                  
     00000004  l__HEADER_TIMER0                
     00000005  ___bank_bg_sample_town_tilemap     bg_sample_town_tilemap
ASxxxx Linker V03.00/V05.40 + sdld,  page 5.
Hexadecimal  [32-Bits]

Area                                    Addr        Size        Decimal Bytes (Attributes)
--------------------------------        ----        ----        ------- ----- ------------
.  .ABS.                            00000000    00000000 =           0. bytes (ABS,CON)

      Value  Global                              Global Defined In Module
      -----  --------------------------------   ------------------------
     00000005  ___bank_bg_sample_town_tilemap_a   bg_sample_town_tilemap_attr
     00000005  ___bank_scene_sample_town_collis   scene_sample_town_collisions
     00000005  ___bank_song_drum_example_Data     song_drum_example_Data
     00000005  ___bank_song_rulz_undergroundcav   song_rulz_undergroundcave_0_
     00000005  b_core_reset                       core
     00000005  b_core_run                         core
     00000005  b_logo_init                        logo
     00000005  b_logo_update                      logo
     00000005  l__CRASH_HEADER0                
     00000005  l__HEADER1                      
     00000006  ___bank_cursor_image               cursor_image
     00000006  ___bank_song_echo_example_Data     song_echo_example_Data
     00000006  ___bank_song_rulz_intro_0_Data     song_rulz_intro_0_Data
     00000006  ___bank_song_rulz_outside_0_Data   song_rulz_outside_0_Data
     00000006  ___bank_song_rulz_spaceemergency   song_rulz_spaceemergency_0_D
     00000006  b_do_load_palette                  data_manager
     00000006  b_load_background                  data_manager
     00000006  b_load_bkg_tileset                 data_manager
     00000006  b_load_bounds                      data_manager
     00000006  b_load_emote                       data_manager
     00000006  b_load_init                        data_manager
     00000006  b_load_player                      data_manager
     00000006  b_load_scene                       data_manager
     00000006  b_load_sprite                      data_manager
     00000006  b_pointnclick_init                 pointnclick
     00000006  b_pointnclick_update               pointnclick
     00000006  b_topdown_init                     topdown
     00000006  b_topdown_update                   topdown
     00000006  l__HEADER8                      
     00000007  ___bank_VM_CAMERA                  vm_camera
     00000007  ___bank_VM_GAMEBOY                 vm_gameboy
     00000007  ___bank_bg_launch_site_tileset     bg_launch_site_tileset
     00000007  ___bank_bg_logo_tileset            bg_logo_tileset
     00000007  ___bank_bg_sample_town_tileset     bg_sample_town_tileset
     00000007  ___bank_bg_stars_tilemap           bg_stars_tilemap
     00000007  ___bank_bg_stars_tilemap_attr      bg_stars_tilemap_attr
     00000007  ___bank_bg_titlescreen_tileset     bg_titlescreen_tileset
     00000007  ___bank_bg_underground_tilemap     bg_underground_tilemap
     00000007  ___bank_bg_underground_tilemap_a   bg_underground_tilemap_attr
     00000007  ___bank_scene_deep_space_collisi   scene_deep_space_collisions
     00000007  ___bank_scene_underground_collis   scene_underground_collisions
     00000007  ___bank_script_engine_init         
     00000007  b_camera_shake_frames              vm_camera
     00000007  b_data_clear                       load_save
     00000007  b_data_init                        load_save
     00000007  b_data_load                        load_save
     00000007  b_data_peek                        load_save
     00000007  b_data_save                        load_save
     00000007  b_trigger_activate_at              trigger
     00000007  b_trigger_activate_at_intersecti   trigger
     00000007  b_trigger_at_intersection          trigger
ASxxxx Linker V03.00/V05.40 + sdld,  page 6.
Hexadecimal  [32-Bits]

Area                                    Addr        Size        Decimal Bytes (Attributes)
--------------------------------        ----        ----        ------- ----- ------------
.  .ABS.                            00000000    00000000 =           0. bytes (ABS,CON)

      Value  Global                              Global Defined In Module
      -----  --------------------------------   ------------------------
     00000007  b_trigger_at_tile                  trigger
     00000007  b_trigger_interact                 trigger
     00000007  b_trigger_reset                    trigger
     00000007  b_vm_camera_move_to                vm_camera
     00000007  b_vm_camera_set_pos                vm_camera
     00000007  b_vm_context_prepare               vm_gameboy
     00000007  b_vm_fade                          vm_gameboy
     00000007  b_vm_get_tile_xy                   vm_gameboy
     00000007  b_vm_input_attach                  vm_gameboy
     00000007  b_vm_input_detach                  vm_gameboy
     00000007  b_vm_input_get                     vm_gameboy
     00000007  b_vm_input_wait                    vm_gameboy
     00000007  b_vm_load_tileset                  vm_gameboy
     00000007  b_vm_poll                          vm_gameboy
     00000007  b_vm_replace_tile                  vm_gameboy
     00000007  b_vm_replace_tile_xy               vm_gameboy
     00000007  b_vm_rumble                        vm_gameboy
     00000007  b_vm_set_sprite_mode               vm_gameboy
     00000007  b_vm_set_sprites_visible           vm_gameboy
     00000007  b_vm_timer_prepare                 vm_gameboy
     00000007  b_vm_timer_reset                   vm_gameboy
     00000007  b_vm_timer_set                     vm_gameboy
     00000007  b_vm_timer_stop                    vm_gameboy
     00000007  l__HEADER2                      
     00000008  ___bank_VM_PALETTE                 vm_palette
     00000008  ___bank_VM_SIO                     vm_sio
     00000008  ___bank_actor_32_update            actor_32_update
     00000008  ___bank_actor_35_update            actor_35_update
     00000008  ___bank_actor_pet_owner_update     actor_pet_owner_update
     00000008  ___bank_bg_black_tilemap           bg_black_tilemap
     00000008  ___bank_bg_black_tilemap_attr      bg_black_tilemap_attr
     00000008  ___bank_bg_cave_tilemap            bg_cave_tilemap
     00000008  ___bank_bg_cave_tilemap_attr       bg_cave_tilemap_attr
     00000008  ___bank_bg_cave_tileset            bg_cave_tileset
     00000008  ___bank_bg_house_tilemap_attr      bg_house_tilemap_attr
     00000008  ___bank_bg_leaving_earth_tileset   bg_leaving_earth_tileset
     00000008  ___bank_bg_menu_page1_tileset      bg_menu_page1_tileset
     00000008  ___bank_bg_menu_page2_tileset      bg_menu_page2_tileset
     00000008  ___bank_scene_17_actors            scene_17_actors
     00000008  ___bank_scene_sample_town_actors   scene_sample_town_actors
     00000008  ___bank_scene_space_battle_actor   scene_space_battle_actors
     00000008  ___bank_scene_underground_actors   scene_underground_actors
     00000008  ___bank_script_enemy_ship_moveme   script_enemy_ship_movement_
     00000008  ___bank_script_enemy_ship_moveme   script_enemy_ship_movement__
     00000008  ___bank_script_enemy_ship_moveme   script_enemy_ship_movement__
     00000008  ___bank_script_enemy_ship_moveme   script_enemy_ship_movement__
     00000008  ___bank_sound_gbstudio_sfx_sav_0   sound_gbstudio_sfx_sav
     00000008  ___bank_sound_gbstudio_sfx_sav_0   sound_gbstudio_sfx_sav
     00000008  ___bank_sound_gbstudio_sfx_sav_0   sound_gbstudio_sfx_sav
     00000008  ___bank_sound_gbstudio_sfx_sav_0   sound_gbstudio_sfx_sav
     00000008  ___bank_sound_gbstudio_sfx_sav_0   sound_gbstudio_sfx_sav
ASxxxx Linker V03.00/V05.40 + sdld,  page 7.
Hexadecimal  [32-Bits]

Area                                    Addr        Size        Decimal Bytes (Attributes)
--------------------------------        ----        ----        ------- ----- ------------
.  .ABS.                            00000000    00000000 =           0. bytes (ABS,CON)

      Value  Global                              Global Defined In Module
      -----  --------------------------------   ------------------------
     00000008  ___bank_sound_gbstudio_sfx_sav_0   sound_gbstudio_sfx_sav
     00000008  ___bank_sound_gbstudio_sfx_sav_0   sound_gbstudio_sfx_sav
     00000008  ___bank_sound_gbstudio_sfx_sav_0   sound_gbstudio_sfx_sav
     00000008  ___bank_sound_gbstudio_sfx_sav_0   sound_gbstudio_sfx_sav
     00000008  ___bank_sound_gbstudio_sfx_sav_0   sound_gbstudio_sfx_sav
     00000008  ___bank_sprite_hooded_figure_ani   sprite_hooded_figure_animat
     00000008  ___bank_sprite_npc005_tileset      sprite_npc005_tileset
     00000008  ___bank_sprite_space_mine_tilese   sprite_space_mine_tileset
     00000008  ___bank_sprite_villager_cat_tile   sprite_villager_cat_tileset
     00000008  ___bank_trigger_13_interact        trigger_13_interact
     00000008  ___bank_trigger_38_interact        trigger_38_interact
     00000008  ___mute_mask_sound_gbstudio_sfx_   sound_gbstudio_sfx_sav
     00000008  ___mute_mask_sound_gbstudio_sfx_   sound_gbstudio_sfx_sav
     00000008  ___mute_mask_sound_legacy_0_0      sound_legacy_0_0
     00000008  b___HandleCrash_banked             
     00000008  b_atan2                            math_atan2
     00000008  b_fade_applypalettechange          fade_manager
     00000008  b_fade_in                          fade_manager
     00000008  b_fade_in_modal                    fade_manager
     00000008  b_fade_init                        fade_manager
     00000008  b_fade_out                         fade_manager
     00000008  b_fade_out_modal                   fade_manager
     00000008  b_fade_setspeed                    fade_manager
     00000008  b_fade_update                      fade_manager
     00000008  b_gbprinter_detect                 gbprinter
     00000008  b_gbprinter_print_overlay          gbprinter
     00000008  b_vm_load_palette                  vm_palette
     00000008  b_vm_sio_exchange                  vm_sio
     00000008  b_vm_sio_set_mode                  vm_sio
     00000008  l__HEADER3                      
     00000009  ___bank_VM_MATH                    vm_math
     00000009  ___bank_VM_MUSIC                   vm_music
     00000009  ___bank_VM_RTC                     vm_rtc
     00000009  ___bank_actor_20_interact          actor_20_interact
     00000009  ___bank_actor_33_update            actor_33_update
     00000009  ___bank_actor_ice_block_interact   actor_ice_block_interact
     00000009  ___bank_actor_sage_interact        actor_sage_interact
     00000009  ___bank_actor_save_point_1_inter   actor_save_point_1_interact
     00000009  ___bank_actor_save_point_interac   actor_save_point_interact
     00000009  ___bank_actor_sign_post_1_intera   actor_sign_post_1_interact
     00000009  ___bank_actor_sign_post_3_intera   actor_sign_post_3_interact
     00000009  ___bank_bg_house_tilemap           bg_house_tilemap
     00000009  ___bank_bg_house_tileset           bg_house_tileset
     00000009  ___bank_bg_launch_site_tilemap     bg_launch_site_tilemap
     00000009  ___bank_bg_launch_site_tilemap_a   bg_launch_site_tilemap_attr
     00000009  ___bank_bg_logo_tilemap            bg_logo_tilemap
     00000009  ___bank_bg_logo_tilemap_attr       bg_logo_tilemap_attr
     00000009  ___bank_bg_menu_page1_tilemap      bg_menu_page1_tilemap
     00000009  ___bank_bg_menu_page1_tilemap_at   bg_menu_page1_tilemap_attr
     00000009  ___bank_bg_menu_page2_tilemap      bg_menu_page2_tilemap
     00000009  ___bank_bg_menu_page2_tilemap_at   bg_menu_page2_tilemap_attr
ASxxxx Linker V03.00/V05.40 + sdld,  page 8.
Hexadecimal  [32-Bits]

Area                                    Addr        Size        Decimal Bytes (Attributes)
--------------------------------        ----        ----        ------- ----- ------------
.  .ABS.                            00000000    00000000 =           0. bytes (ABS,CON)

      Value  Global                              Global Defined In Module
      -----  --------------------------------   ------------------------
     00000009  ___bank_bg_titlescreen_tilemap     bg_titlescreen_tilemap
     00000009  ___bank_bg_titlescreen_tilemap_a   bg_titlescreen_tilemap_attr
     00000009  ___bank_scene_17_collisions        scene_17_collisions
     00000009  ___bank_scene_cave_actors          scene_cave_actors
     00000009  ___bank_scene_cave_collisions      scene_cave_collisions
     00000009  ___bank_scene_dream_collisions     scene_dream_collisions
     00000009  ___bank_scene_dream_init           scene_dream_init
     00000009  ___bank_scene_launch_site_actors   scene_launch_site_actors
     00000009  ___bank_scene_launch_site_collis   scene_launch_site_collisions
     00000009  ___bank_scene_logo_collisions      scene_logo_collisions
     00000009  ___bank_scene_menu_page_1_actors   scene_menu_page_1_actors
     00000009  ___bank_scene_menu_page_1_collis   scene_menu_page_1_collisions
     00000009  ___bank_scene_menu_page_1_init     scene_menu_page_1_init
     00000009  ___bank_scene_menu_page_1_sprite   scene_menu_page_1_sprites
     00000009  ___bank_scene_menu_page_2_actors   scene_menu_page_2_actors
     00000009  ___bank_scene_menu_page_2_collis   scene_menu_page_2_collisions
     00000009  ___bank_scene_player_s_house_col   scene_player_s_house_collisi
     00000009  ___bank_scene_title_screen_colli   scene_title_screen_collision
     00000009  ___bank_scene_title_screen_init    scene_title_screen_init
     00000009  ___bank_scene_top_house_actors     scene_top_house_actors
     00000009  ___bank_scene_top_house_collisio   scene_top_house_collisions
     00000009  ___bank_script_input_0             script_input_0
     00000009  ___bank_sprite_enemy_ship_tilese   sprite_enemy_ship_tileset
     00000009  ___bank_sprite_fire_tileset        sprite_fire_tileset
     00000009  ___bank_sprite_hooded_figure_ani   sprite_hooded_figure_animat_
     00000009  ___bank_sprite_npc008_tileset      sprite_npc008_tileset
     00000009  ___bank_sprite_player_ship_tiles   sprite_player_ship_tileset
     00000009  ___bank_sprite_villager_bunny_ti   sprite_villager_bunny_tilese
     00000009  ___bank_sprite_villager_deer_til   sprite_villager_deer_tileset
     00000009  ___bank_sprite_villager_elephant   sprite_villager_elephant_til
     00000009  b_erase_flash                      
     00000009  b_itoa_fmt                         vm_ui_a
     00000009  b_music_events_poll                music_manager
     00000009  b_music_init_driver                music_manager
     00000009  b_music_init_events                music_manager
     00000009  b_save_sram_banks                  
     00000009  b_vm_cos_scale                     vm_math
     00000009  b_vm_music_mute                    vm_music
     00000009  b_vm_music_play                    vm_music
     00000009  b_vm_music_routine                 vm_music
     00000009  b_vm_music_setpos                  vm_music
     00000009  b_vm_music_stop                    vm_music
     00000009  b_vm_rtc_get                       vm_rtc
     00000009  b_vm_rtc_latch                     vm_rtc
     00000009  b_vm_rtc_set                       vm_rtc
     00000009  b_vm_rtc_start                     vm_rtc
     00000009  b_vm_sfx_play                      vm_music
     00000009  b_vm_sin_scale                     vm_math
     00000009  b_vm_sound_mastervol               vm_music
     0000000A  ___bank_VM_GBPRINTER               vm_gbprinter
     0000000A  ___bank_VM_LOAD_SAVE               vm_load_save
ASxxxx Linker V03.00/V05.40 + sdld,  page 9.
Hexadecimal  [32-Bits]

Area                                    Addr        Size        Decimal Bytes (Attributes)
--------------------------------        ----        ----        ------- ----- ------------
.  .ABS.                            00000000    00000000 =           0. bytes (ABS,CON)

      Value  Global                              Global Defined In Module
      -----  --------------------------------   ------------------------
     0000000A  ___bank_VM_PROJECTILE              vm_projectiles
     0000000A  ___bank_VM_SCENE                   vm_scene
     0000000A  ___bank_actor_10_interact          actor_10_interact
     0000000A  ___bank_actor_11_interact          actor_11_interact
     0000000A  ___bank_actor_12_interact          actor_12_interact
     0000000A  ___bank_actor_13_interact          actor_13_interact
     0000000A  ___bank_actor_14_interact          actor_14_interact
     0000000A  ___bank_actor_15_interact          actor_15_interact
     0000000A  ___bank_actor_16_interact          actor_16_interact
     0000000A  ___bank_actor_17_interact          actor_17_interact
     0000000A  ___bank_actor_18_interact          actor_18_interact
     0000000A  ___bank_actor_19_interact          actor_19_interact
     0000000A  ___bank_actor_20_update            actor_20_update
     0000000A  ___bank_actor_25_interact          actor_25_interact
     0000000A  ___bank_actor_26_interact          actor_26_interact
     0000000A  ___bank_actor_27_interact          actor_27_interact
     0000000A  ___bank_actor_28_interact          actor_28_interact
     0000000A  ___bank_actor_29_interact          actor_29_interact
     0000000A  ___bank_actor_29_update            actor_29_update
     0000000A  ___bank_actor_30_interact          actor_30_interact
     0000000A  ___bank_actor_31_interact          actor_31_interact
     0000000A  ___bank_actor_32_interact          actor_32_interact
     0000000A  ___bank_actor_34_interact          actor_34_interact
     0000000A  ___bank_actor_35_interact          actor_35_interact
     0000000A  ___bank_actor_3_interact           actor_3_interact
     0000000A  ___bank_actor_4_interact           actor_4_interact
     0000000A  ___bank_actor_5_interact           actor_5_interact
     0000000A  ___bank_actor_6_interact           actor_6_interact
     0000000A  ___bank_actor_7_interact           actor_7_interact
     0000000A  ___bank_actor_8_interact           actor_8_interact
     0000000A  ___bank_actor_9_interact           actor_9_interact
     0000000A  ___bank_actor_angry_guy_interact   actor_angry_guy_interact
     0000000A  ___bank_actor_cat_interact         actor_cat_interact
     0000000A  ___bank_actor_hider_interact       actor_hider_interact
     0000000A  ___bank_actor_machine_0_interact   actor_machine_0_interact
     0000000A  ___bank_actor_machine_1_interact   actor_machine_1_interact
     0000000A  ___bank_actor_machine_2_interact   actor_machine_2_interact
     0000000A  ___bank_actor_machine_interact     actor_machine_interact
     0000000A  ___bank_actor_oblivious_guy_inte   actor_oblivious_guy_interact
     0000000A  ___bank_actor_pet_owner_interact   actor_pet_owner_interact
     0000000A  ___bank_actor_radio_guy_interact   actor_radio_guy_interact
     0000000A  ___bank_actor_radio_interact       actor_radio_interact
     0000000A  ___bank_actor_rock_1_interact      actor_rock_1_interact
     0000000A  ___bank_actor_rock_2_interact      actor_rock_2_interact
     0000000A  ___bank_actor_rock_3_interact      actor_rock_3_interact
     0000000A  ___bank_actor_rock_interact        actor_rock_interact
     0000000A  ___bank_actor_scientist_interact   actor_scientist_interact
     0000000A  ___bank_actor_scientist_update     actor_scientist_update
     0000000A  ___bank_actor_sign_post_0_intera   actor_sign_post_0_interact
     0000000A  ___bank_actor_sign_post_2_intera   actor_sign_post_2_interact
     0000000A  ___bank_actor_sign_post_interact   actor_sign_post_interact
ASxxxx Linker V03.00/V05.40 + sdld,  page 10.
Hexadecimal  [32-Bits]

Area                                    Addr        Size        Decimal Bytes (Attributes)
--------------------------------        ----        ----        ------- ----- ------------
.  .ABS.                            00000000    00000000 =           0. bytes (ABS,CON)

      Value  Global                              Global Defined In Module
      -----  --------------------------------   ------------------------
     0000000A  ___bank_actor_space_dog_interact   actor_space_dog_interact
     0000000A  ___bank_bg_black                   bg_black
     0000000A  ___bank_bg_black_tileset           bg_black_tileset
     0000000A  ___bank_bg_cave                    bg_cave
     0000000A  ___bank_bg_house                   bg_house
     0000000A  ___bank_bg_launch_site             bg_launch_site
     0000000A  ___bank_bg_leaving_earth           bg_leaving_earth
     0000000A  ___bank_bg_logo                    bg_logo
     0000000A  ___bank_bg_stars_tileset           bg_stars_tileset
     0000000A  ___bank_emote_anger                emote_anger
     0000000A  ___bank_emote_music                emote_music
     0000000A  ___bank_emote_pause                emote_pause
     0000000A  ___bank_emote_shock                emote_shock
     0000000A  ___bank_emote_sweat                emote_sweat
     0000000A  ___bank_frame_image                frame_image
     0000000A  ___bank_palette_0                  palette_0
     0000000A  ___bank_palette_1                  palette_1
     0000000A  ___bank_palette_2                  palette_2
     0000000A  ___bank_palette_3                  palette_3
     0000000A  ___bank_palette_4                  palette_4
     0000000A  ___bank_palette_5                  palette_5
     0000000A  ___bank_palette_6                  palette_6
     0000000A  ___bank_palette_7                  palette_7
     0000000A  ___bank_scene_17                   scene_17
     0000000A  ___bank_scene_17_sprites           scene_17_sprites
     0000000A  ___bank_scene_cave                 scene_cave
     0000000A  ___bank_scene_cave_init            scene_cave_init
     0000000A  ___bank_scene_deep_space           scene_deep_space
     0000000A  ___bank_scene_deep_space_actors    scene_deep_space_actors
     0000000A  ___bank_scene_deep_space_init      scene_deep_space_init
     0000000A  ___bank_scene_dream                scene_dream
     0000000A  ___bank_scene_launch_site          scene_launch_site
     0000000A  ___bank_scene_launch_site_init     scene_launch_site_init
     0000000A  ___bank_scene_launch_site_trigge   scene_launch_site_triggers
     0000000A  ___bank_scene_logo                 scene_logo
     0000000A  ___bank_scene_logo_init            scene_logo_init
     0000000A  ___bank_scene_menu_page_1          scene_menu_page_1
     0000000A  ___bank_scene_menu_page_2          scene_menu_page_2
     0000000A  ___bank_scene_menu_page_2_init     scene_menu_page_2_init
     0000000A  ___bank_scene_menu_page_2_sprite   scene_menu_page_2_sprites
     0000000A  ___bank_scene_player_s_house       scene_player_s_house
     0000000A  ___bank_scene_player_s_house_ini   scene_player_s_house_init
     0000000A  ___bank_scene_sample_town          scene_sample_town
     0000000A  ___bank_scene_sample_town_init     scene_sample_town_init
     0000000A  ___bank_scene_sample_town_projec   scene_sample_town_projectile
     0000000A  ___bank_scene_sample_town_sprite   scene_sample_town_sprites
     0000000A  ___bank_scene_sample_town_trigge   scene_sample_town_triggers
     0000000A  ___bank_scene_space_battle         scene_space_battle
     0000000A  ___bank_scene_space_battle_init    scene_space_battle_init
     0000000A  ___bank_scene_space_battle_p_hit   scene_space_battle_p_hit1
     0000000A  ___bank_scene_space_battle_proje   scene_space_battle_projectil
ASxxxx Linker V03.00/V05.40 + sdld,  page 11.
Hexadecimal  [32-Bits]

Area                                    Addr        Size        Decimal Bytes (Attributes)
--------------------------------        ----        ----        ------- ----- ------------
.  .ABS.                            00000000    00000000 =           0. bytes (ABS,CON)

      Value  Global                              Global Defined In Module
      -----  --------------------------------   ------------------------
     0000000A  ___bank_scene_space_battle_sprit   scene_space_battle_sprites
     0000000A  ___bank_scene_title_screen         scene_title_screen
     0000000A  ___bank_scene_top_house            scene_top_house
     0000000A  ___bank_scene_top_house_init       scene_top_house_init
     0000000A  ___bank_scene_underground          scene_underground
     0000000A  ___bank_scene_underground_init     scene_underground_init
     0000000A  ___bank_scene_underground_projec   scene_underground_projectile
     0000000A  ___bank_scene_underground_sprite   scene_underground_sprites
     0000000A  ___bank_script_enemy_ship_destro   script_enemy_ship_destroy
     0000000A  ___bank_script_enemy_ship_hit_pl   script_enemy_ship_hit_playe
     0000000A  ___bank_script_input               script_input
     0000000A  ___bank_script_input_2             script_input_2
     0000000A  ___bank_script_input_4             script_input_4
     0000000A  ___bank_script_timer               script_timer
     0000000A  ___bank_sound_legacy_0             sound_legacy_0
     0000000A  ___bank_sound_legacy_0_0           sound_legacy_0_0
     0000000A  ___bank_sprite_bullet              sprite_bullet
     0000000A  ___bank_sprite_bullet_left         sprite_bullet_left
     0000000A  ___bank_sprite_bullet_left_tiles   sprite_bullet_left_tileset
     0000000A  ___bank_sprite_bullet_tileset      sprite_bullet_tileset
     0000000A  ___bank_sprite_cat                 sprite_cat
     0000000A  ___bank_sprite_cat_tileset         sprite_cat_tileset
     0000000A  ___bank_sprite_checkbox            sprite_checkbox
     0000000A  ___bank_sprite_checkbox_tileset    sprite_checkbox_tileset
     0000000A  ___bank_sprite_chest               sprite_chest
     0000000A  ___bank_sprite_chest_tileset       sprite_chest_tileset
     0000000A  ___bank_sprite_cursor              sprite_cursor
     0000000A  ___bank_sprite_cursor_tileset      sprite_cursor_tileset
     0000000A  ___bank_sprite_dog                 sprite_dog
     0000000A  ___bank_sprite_dog_tileset         sprite_dog_tileset
     0000000A  ___bank_sprite_drumkit             sprite_drumkit
     0000000A  ___bank_sprite_drumkit_tileset     sprite_drumkit_tileset
     0000000A  ___bank_sprite_duck                sprite_duck
     0000000A  ___bank_sprite_duck_tileset        sprite_duck_tileset
     0000000A  ___bank_sprite_enemy_ship          sprite_enemy_ship
     0000000A  ___bank_sprite_fire                sprite_fire
     0000000A  ___bank_sprite_healthone           sprite_healthone
     0000000A  ___bank_sprite_healthone_tileset   sprite_healthone_tileset
     0000000A  ___bank_sprite_ice                 sprite_ice
     0000000A  ___bank_sprite_ice_tileset         sprite_ice_tileset
     0000000A  ___bank_sprite_keyboard            sprite_keyboard
     0000000A  ___bank_sprite_keyboard_tileset    sprite_keyboard_tileset
     0000000A  ___bank_sprite_machine             sprite_machine
     0000000A  ___bank_sprite_machine_tileset     sprite_machine_tileset
     0000000A  ___bank_sprite_npc002              sprite_npc002
     0000000A  ___bank_sprite_npc002_tileset      sprite_npc002_tileset
     0000000A  ___bank_sprite_npc005              sprite_npc005
     0000000A  ___bank_sprite_npc008              sprite_npc008
     0000000A  ___bank_sprite_player_ship         sprite_player_ship
     0000000A  ___bank_sprite_pod_door            sprite_pod_door
     0000000A  ___bank_sprite_pod_door_tileset    sprite_pod_door_tileset
ASxxxx Linker V03.00/V05.40 + sdld,  page 12.
Hexadecimal  [32-Bits]

Area                                    Addr        Size        Decimal Bytes (Attributes)
--------------------------------        ----        ----        ------- ----- ------------
.  .ABS.                            00000000    00000000 =           0. bytes (ABS,CON)

      Value  Global                              Global Defined In Module
      -----  --------------------------------   ------------------------
     0000000A  ___bank_sprite_portal              sprite_portal
     0000000A  ___bank_sprite_portal_tileset      sprite_portal_tileset
     0000000A  ___bank_sprite_radio               sprite_radio
     0000000A  ___bank_sprite_radio_tileset       sprite_radio_tileset
     0000000A  ___bank_sprite_rock                sprite_rock
     0000000A  ___bank_sprite_rock_tileset        sprite_rock_tileset
     0000000A  ___bank_sprite_sage                sprite_sage
     0000000A  ___bank_sprite_sage_tileset        sprite_sage_tileset
     0000000A  ___bank_sprite_savepoint           sprite_savepoint
     0000000A  ___bank_sprite_savepoint_tileset   sprite_savepoint_tileset
     0000000A  ___bank_sprite_signpost            sprite_signpost
     0000000A  ___bank_sprite_signpost_tileset    sprite_signpost_tileset
     0000000A  ___bank_sprite_space_mine          sprite_space_mine
     0000000A  ___bank_sprite_torch               sprite_torch
     0000000A  ___bank_sprite_torch_tileset       sprite_torch_tileset
     0000000A  ___bank_sprite_turnip              sprite_turnip
     0000000A  ___bank_sprite_turnip_tileset      sprite_turnip_tileset
     0000000A  ___bank_sprite_ui_weapon           sprite_ui_weapon
     0000000A  ___bank_sprite_ui_weapon_tileset   sprite_ui_weapon_tileset
     0000000A  ___bank_sprite_villager_bunny      sprite_villager_bunny
     0000000A  ___bank_sprite_villager_cat        sprite_villager_cat
     0000000A  ___bank_sprite_villager_deer       sprite_villager_deer
     0000000A  ___bank_sprite_villager_elephant   sprite_villager_elephant
     0000000A  ___bank_spritesheet_none           spritesheet_none
     0000000A  ___bank_tileset_default_frame      tileset_default_frame
     0000000A  ___bank_tileset_flowers            tileset_flowers
     0000000A  ___bank_tileset_waterfall          tileset_waterfall
     0000000A  ___bank_trigger_0_interact         trigger_0_interact
     0000000A  ___bank_trigger_14_interact        trigger_14_interact
     0000000A  ___bank_trigger_15_interact        trigger_15_interact
     0000000A  ___bank_trigger_16_interact        trigger_16_interact
     0000000A  ___bank_trigger_18_interact        trigger_18_interact
     0000000A  ___bank_trigger_1_interact         trigger_1_interact
     0000000A  ___bank_trigger_2_interact         trigger_2_interact
     0000000A  ___bank_trigger_36_interact        trigger_36_interact
     0000000A  ___bank_trigger_37_interact        trigger_37_interact
     0000000A  ___bank_trigger_3_interact         trigger_3_interact
     0000000A  ___bank_trigger_41_interact        trigger_41_interact
     0000000A  ___bank_trigger_4_interact         trigger_4_interact
     0000000A  ___bank_trigger_6_interact         trigger_6_interact
     0000000A  ___bank_trigger_7_interact         trigger_7_interact
     0000000A  ___bank_trigger_8_interact         trigger_8_interact
     0000000A  ___mute_mask_sound_gbstudio_sfx_   sound_gbstudio_sfx_sav
     0000000A  b_CGBZeroPalette                   palette
     0000000A  b_SIO_init                         sio
     0000000A  b_camera_init                      camera
     0000000A  b_events_init                      events
     0000000A  b_input_init                       input
     0000000A  b_palette_init                     palette
     0000000A  b_parallax_init                    parallax
     0000000A  b_remove_LCD_ISRs                  interrupts
ASxxxx Linker V03.00/V05.40 + sdld,  page 13.
Hexadecimal  [32-Bits]

Area                                    Addr        Size        Decimal Bytes (Attributes)
--------------------------------        ----        ----        ------- ----- ------------
.  .ABS.                            00000000    00000000 =           0. bytes (ABS,CON)

      Value  Global                              Global Defined In Module
      -----  --------------------------------   ------------------------
     0000000A  b_restore_sram                     flasher
     0000000A  b_restore_sram_bank                flasher
     0000000A  b_save_sram                        flasher
     0000000A  b_timers_init                      events
     0000000A  b_vm_print_detect                  vm_gbprinter
     0000000A  b_vm_print_overlay                 vm_gbprinter
     0000000A  b_vm_projectile_launch             vm_projectiles
     0000000A  b_vm_projectile_load_type          vm_projectiles
     0000000A  b_vm_save_clear                    vm_load_save
     0000000A  b_vm_save_peek                     vm_load_save
     0000000A  b_vm_scene_pop                     vm_scene
     0000000A  b_vm_scene_pop_all                 vm_scene
     0000000A  b_vm_scene_push                    vm_scene
     0000000A  b_vm_scene_stack_reset             vm_scene
     0000000B  ___bank_actor_10_update            actor_10_update
     0000000B  ___bank_actor_11_update            actor_11_update
     0000000B  ___bank_actor_12_update            actor_12_update
     0000000B  ___bank_actor_13_update            actor_13_update
     0000000B  ___bank_actor_14_update            actor_14_update
     0000000B  ___bank_actor_15_update            actor_15_update
     0000000B  ___bank_actor_16_update            actor_16_update
     0000000B  ___bank_actor_17_update            actor_17_update
     0000000B  ___bank_actor_21_interact          actor_21_interact
     0000000B  ___bank_actor_22_interact          actor_22_interact
     0000000B  ___bank_actor_23_interact          actor_23_interact
     0000000B  ___bank_actor_24_interact          actor_24_interact
     0000000B  ___bank_actor_3_update             actor_3_update
     0000000B  ___bank_actor_4_update             actor_4_update
     0000000B  ___bank_actor_5_update             actor_5_update
     0000000B  ___bank_actor_6_update             actor_6_update
     0000000B  ___bank_actor_7_update             actor_7_update
     0000000B  ___bank_actor_8_update             actor_8_update
     0000000B  ___bank_actor_9_update             actor_9_update
     0000000B  ___bank_bg_menu_page1              bg_menu_page1
     0000000B  ___bank_bg_menu_page2              bg_menu_page2
     0000000B  ___bank_bg_sample_town             bg_sample_town
     0000000B  ___bank_bg_stars                   bg_stars
     0000000B  ___bank_bg_titlescreen             bg_titlescreen
     0000000B  ___bank_bg_underground             bg_underground
     0000000B  ___bank_bootstrap_script           
     0000000B  ___bank_scene_17_init              scene_17_init
     0000000B  ___bank_scene_17_triggers          scene_17_triggers
     0000000B  ___bank_scene_cave_sprites         scene_cave_sprites
     0000000B  ___bank_scene_cave_triggers        scene_cave_triggers
     0000000B  ___bank_scene_deep_space_sprites   scene_deep_space_sprites
     0000000B  ___bank_scene_deep_space_trigger   scene_deep_space_triggers
     0000000B  ___bank_scene_launch_site_sprite   scene_launch_site_sprites
     0000000B  ___bank_scene_player_s_house_spr   scene_player_s_house_sprites
     0000000B  ___bank_scene_player_s_house_tri   scene_player_s_house_trigger
     0000000B  ___bank_scene_space_battle_trigg   scene_space_battle_triggers
     0000000B  ___bank_scene_top_house_sprites    scene_top_house_sprites
ASxxxx Linker V03.00/V05.40 + sdld,  page 14.
Hexadecimal  [32-Bits]

Area                                    Addr        Size        Decimal Bytes (Attributes)
--------------------------------        ----        ----        ------- ----- ------------
.  .ABS.                            00000000    00000000 =           0. bytes (ABS,CON)

      Value  Global                              Global Defined In Module
      -----  --------------------------------   ------------------------
     0000000B  ___bank_scene_top_house_triggers   scene_top_house_triggers
     0000000B  ___bank_scene_underground_trigge   scene_underground_triggers
     0000000B  ___bank_script_12                  script_12
     0000000B  ___bank_script_init_menu           script_init_menu
     0000000B  ___bank_script_init_weapons        script_init_weapons
     0000000C  __start_save                    
     00000019  l__INITIALIZED                  
     00000019  l__INITIALIZER                  
     00000027  l__GSINIT                       
     00000030  l__HEADER7                      
     00000060  l__HEADER4                      
     000000AB  l__HEADER11                     
     000001CA  l__CODE_11                      
     000001CB  l__CRASH_SCRATCH2               
     00000200  s__CODE                         
     00000EBF  l__CODE                         
     000010BF  s__HOME                         
     00001971  l__DATA                         
     00002000  _rROMB0                            
     00002D53  l__HOME                         
     00003000  _rROMB1                            
     00003E12  s__BASE                         
     00003E12  s__CODE_0                       
     00003E12  s__INITIALIZER                  
     00003E12  s__LIT                          
     00003E2B  s__GSINIT                       
     00003E52  s__GSFINAL                      
     00003FFD  l__CODE_10                      
     00003FFF  l__CODE_2                       
     00003FFF  l__CODE_3                       
     00003FFF  l__CODE_4                       
     00003FFF  l__CODE_6                       
     00004000  _RTC_SELECT_REG                    vm_rtc
     00004000  _rRAMB                             
     00004000  l__CODE_1                       
     00004000  l__CODE_5                       
     00004000  l__CODE_7                       
     00004000  l__CODE_8                       
     00004000  l__CODE_9                       
     00006000  _RTC_LATCH_REG                     vm_rtc
     00008000  __VRAM                             
     00008000  __VRAM8000                         
     00008800  __VRAM8800                         
     00009000  __VRAM9000                         
     00009800  __SCRN0                            
     00009C00  __SCRN1                            
     0000A000  _RTC_VALUE_REG                     vm_rtc
     0000A000  __SRAM                             
     0000C000  __RAM                              
     0000C000  _shadow_OAM                     
     0000C0A0  s__DATA                         
ASxxxx Linker V03.00/V05.40 + sdld,  page 15.
Hexadecimal  [32-Bits]

Area                                    Addr        Size        Decimal Bytes (Attributes)
--------------------------------        ----        ----        ------- ----- ------------
.  .ABS.                            00000000    00000000 =           0. bytes (ABS,CON)

      Value  Global                              Global Defined In Module
      -----  --------------------------------   ------------------------
     0000D000  __RAMBANK                          
     0000DA11  s__BSS                          
     0000DA11  s__INITIALIZED                  
     0000DA2A  s__HEAP                         
     0000DA2A  s__HEAP_END                     
     0000DF00  .STACK                          
     0000DF00  _shadow_OAM2                       absolute
     0000DFA0  _BkgPalette                        absolute
     0000DFE0  _vwf_tile_data                     absolute
     0000FE00  __OAMRAM                           
     0000FF00  _P1_REG                            
     0000FF00  __IO                               
     0000FF01  _SB_REG                            
     0000FF02  _SC_REG                            
     0000FF04  _DIV_REG                           
     0000FF05  _TIMA_REG                          
     0000FF06  _TMA_REG                           
     0000FF07  _TAC_REG                           
     0000FF0F  _IF_REG                            
     0000FF10  _NR10_REG                          
     0000FF11  _NR11_REG                          
     0000FF12  _NR12_REG                          
     0000FF13  _NR13_REG                          
     0000FF14  _NR14_REG                          
     0000FF16  _NR21_REG                          
     0000FF17  _NR22_REG                          
     0000FF18  _NR23_REG                          
     0000FF19  _NR24_REG                          
     0000FF1A  _NR30_REG                          
     0000FF1B  _NR31_REG                          
     0000FF1C  _NR32_REG                          
     0000FF1D  _NR33_REG                          
     0000FF1E  _NR34_REG                          
     0000FF20  _NR41_REG                          
     0000FF21  _NR42_REG                          
     0000FF22  _NR43_REG                          
     0000FF23  _NR44_REG                          
     0000FF24  _NR50_REG                          
     0000FF25  _NR51_REG                          
     0000FF26  _NR52_REG                          
     0000FF30  _AUD3WAVE                          
     0000FF30  _PCM_SAMPLE                        
     0000FF30  __AUD3WAVERAM                      
     0000FF40  _LCDC_REG                          
     0000FF41  _STAT_REG                          
     0000FF42  _SCY_REG                           
     0000FF43  _SCX_REG                           
     0000FF44  _LY_REG                            
     0000FF45  _LYC_REG                           
     0000FF46  _DMA_REG                           
     0000FF47  _BGP_REG                           
ASxxxx Linker V03.00/V05.40 + sdld,  page 16.
Hexadecimal  [32-Bits]

Area                                    Addr        Size        Decimal Bytes (Attributes)
--------------------------------        ----        ----        ------- ----- ------------
.  .ABS.                            00000000    00000000 =           0. bytes (ABS,CON)

      Value  Global                              Global Defined In Module
      -----  --------------------------------   ------------------------
     0000FF48  _OBP0_REG                          
     0000FF49  _OBP1_REG                          
     0000FF4A  _WY_REG                            
     0000FF4B  _WX_REG                            
     0000FF4D  _KEY1_REG                          
     0000FF4F  _VBK_REG                           
     0000FF51  _HDMA1_REG                         
     0000FF52  _HDMA2_REG                         
     0000FF53  _HDMA3_REG                         
     0000FF54  _HDMA4_REG                         
     0000FF55  _HDMA5_REG                         
     0000FF56  _RP_REG                            
     0000FF68  _BCPS_REG                          
     0000FF69  _BCPD_REG                          
     0000FF6A  _OCPS_REG                          
     0000FF6B  _OCPD_REG                          
     0000FF70  _SVBK_REG                          
     0000FF76  _PCM12_REG                         
     0000FF77  _PCM34_REG                         
     0000FF80  .refresh_OAM                    
     0000FF80  __HRAM                             
     0000FFFF  _IE_REG                            
     00014000  s__CODE_1                       
     00024000  s__CODE_2                       
     00034000  s__CODE_3                       
     00044000  s__CODE_4                       
     00054000  s__CODE_5                       
     00064000  s__CODE_6                       
     00074000  s__CODE_7                       
     00084000  s__CODE_8                       
     00094000  s__CODE_9                       
     000A4000  s__CODE_10                      
     000B4000  s__CODE_11                      

ASxxxx Linker V03.00/V05.40 + sdld,  page 17.
Hexadecimal  [32-Bits]

Area                                    Addr        Size        Decimal Bytes (Attributes)
--------------------------------        ----        ----        ------- ----- ------------
_CODE                               00000200    00000EBF =        3775. bytes (REL,CON)

      Value  Global                              Global Defined In Module
      -----  --------------------------------   ------------------------
     00000200  ___HandleCrash                     
     0000020A  _SIO_send_byte                     
     0000021D  _SIO_receive                       
     0000022E  _GetWinAddr                        
     00000236  _GetBkgAddr                        
     00000244  _state_init                        
     00000249  _state_update                      
     0000026B  _ui_time_masks                     
     00000273  _ui_print_shift_char               
     000002F6  _ui_draw_frame_row                 
     000002FF  .ui_draw_frame_row                 
     00000328  _script_cmds                       vm_instructions
     00000560  _save_signature                    game_signature
     00000564  _start_scene_x                     
     00000566  _start_scene_y                     
     00000568  _start_scene_dir                   
     00000569  _start_scene                       
     0000056C  _start_player_move_speed           
     0000056D  _start_player_anim_tick            
     0000056E  _ui_fonts                          
     00000571  _core_reset_hook                   main
     00000579  _main                              main
     00000581  _state_start_fns                   
     0000058A  _state_update_fns                  
     00000593  _hUGE_init                         hUGEDriver_obj
     00000595  hUGE_init                          hUGEDriver_obj
     000005EB  _hUGE_mute_channel                 hUGEDriver_obj
     000005ED  hUGE_mute_channel                  hUGEDriver_obj
     0000083B  _hUGE_set_position                 hUGEDriver_obj
     0000083D  hUGE_set_position                  hUGEDriver_obj
     00000A02  _hUGE_dosound                      hUGEDriver_obj
     00000A02  hUGE_dosound                       hUGEDriver_obj
     00000D2E  _get_vram_byte                     
     00000D36  _get_win_tile_xy                   
     00000D3E  _get_bkg_tile_xy                   
     00000D65  _set_sprite_palette                CGB
     00000D6A  _set_bkg_palette                   CGB
     00000D6D  .set_palette                       CGB
     00000D8C  _set_sprite_palette_entry          CGB
     00000D91  _set_bkg_palette_entry             CGB
     00000D94  .set_palette_entry                 CGB
     00000DB0  _hide_sprites_range                Metasprites
     00000DDF  __mulsuchar                        mul
     00000DE2  __muluschar                        mul
     00000DEB  __mulschar                         mul
     00000DF3  __mulint                           mul
     00000E12  __muluchar                         mul
     00000E24  _set_vram_byte                     
     00000E2D  _set_win_tile_xy                   
     00000E36  _set_bkg_tile_xy                   
ASxxxx Linker V03.00/V05.40 + sdld,  page 18.
Hexadecimal  [32-Bits]

Area                                    Addr        Size        Decimal Bytes (Attributes)
--------------------------------        ----        ----        ------- ----- ------------
_CODE                               00000200    00000EBF =        3775. bytes (REL,CON)

      Value  Global                              Global Defined In Module
      -----  --------------------------------   ------------------------
     00000E65  .sgb_check                         
     00000E65  _sgb_check                         
     00000EAD  _sgb_transfer                      
     00000EB2  .sgb_transfer                      
     00000EF3  .copy_vram                         
     00000EF9  _get_data                          
     00000EF9  _set_data                          
     00000EF9  _vmemcpy                           
     00000F47  ___move_metasprite                 Metasprites
     00000F84  ___memcpy                          
     00000F84  _memcpy                            
     00000FB6  _cpu_slow                          CGB
     00000FD1  _cpu_fast                          CGB
     00000FD8  __divsuchar                        divmod
     00000FDE  __modsuchar                        divmod
     00000FE7  __divuschar                        divmod
     00000FF0  __moduschar                        divmod
     00000FFC  __divschar                         divmod
     00001001  __modschar                         divmod
     00001008  __divsint                          divmod
     00001011  __modsint                          divmod
     0000101D  __divuchar                         divmod
     00001022  __moduchar                         divmod
     00001029  __divuint                          divmod
     00001032  __moduint                          divmod
     0000103E  .div8                              divmod
     0000103E  .mod8                              divmod
     00001046  .div16                             divmod
     00001046  .mod16                             divmod
     0000107C  .divu8                             divmod
     0000107C  .modu8                             divmod
     0000107F  .divu16                            divmod
     0000107F  .modu16                            divmod

ASxxxx Linker V03.00/V05.40 + sdld,  page 19.
Hexadecimal  [32-Bits]

Area                                    Addr        Size        Decimal Bytes (Attributes)
--------------------------------        ----        ----        ------- ----- ------------
_HEADER0                            00000000    00000001 =           1. bytes (ABS,CON)

      Value  Global                              Global Defined In Module
      -----  --------------------------------   ------------------------
     00000020  .call_hl                           Runtime

ASxxxx Linker V03.00/V05.40 + sdld,  page 20.
Hexadecimal  [32-Bits]

Area                                    Addr        Size        Decimal Bytes (Attributes)
--------------------------------        ----        ----        ------- ----- ------------
_HEADER1                            00000000    00000005 =           5. bytes (ABS,CON)

      Value  Global                              Global Defined In Module
      -----  --------------------------------   ------------------------
     00000028  .MemsetSmall                       Runtime

ASxxxx Linker V03.00/V05.40 + sdld,  page 21.
Hexadecimal  [32-Bits]

Area                                    Addr        Size        Decimal Bytes (Attributes)
--------------------------------        ----        ----        ------- ----- ------------
_HEADER2                            00000000    00000007 =           7. bytes (ABS,CON)

      Value  Global                              Global Defined In Module
      -----  --------------------------------   ------------------------
     00000030  .MemcpySmall                       Runtime

ASxxxx Linker V03.00/V05.40 + sdld,  page 22.
Hexadecimal  [32-Bits]

Area                                    Addr        Size        Decimal Bytes (Attributes)
--------------------------------        ----        ----        ------- ----- ------------
_HEADER3                            00000000    00000008 =           8. bytes (ABS,CON)

      Value  Global                              Global Defined In Module
      -----  --------------------------------   ------------------------
ASxxxx Linker V03.00/V05.40 + sdld,  page 23.
Hexadecimal  [32-Bits]

Area                                    Addr        Size        Decimal Bytes (Attributes)
--------------------------------        ----        ----        ------- ----- ------------
_HEADER4                            00000000    00000060 =          96. bytes (ABS,CON)

      Value  Global                              Global Defined In Module
      -----  --------------------------------   ------------------------
     00000080  .int                               Runtime
     0000008F  _wait_int_handler                  Runtime
     0000009C  __standard_VBL_handler             Runtime
     000000AB  _refresh_OAM                       Runtime
     000000CC  _set_interrupts                    Runtime

ASxxxx Linker V03.00/V05.40 + sdld,  page 24.
Hexadecimal  [32-Bits]

Area                                    Addr        Size        Decimal Bytes (Attributes)
--------------------------------        ----        ----        ------- ----- ------------
_HEADER5                            00000000    00000001 =           1. bytes (ABS,CON)

      Value  Global                              Global Defined In Module
      -----  --------------------------------   ------------------------
ASxxxx Linker V03.00/V05.40 + sdld,  page 25.
Hexadecimal  [32-Bits]

Area                                    Addr        Size        Decimal Bytes (Attributes)
--------------------------------        ----        ----        ------- ----- ------------
_HEADER6                            00000000    00000002 =           2. bytes (ABS,CON)

      Value  Global                              Global Defined In Module
      -----  --------------------------------   ------------------------
ASxxxx Linker V03.00/V05.40 + sdld,  page 26.
Hexadecimal  [32-Bits]

Area                                    Addr        Size        Decimal Bytes (Attributes)
--------------------------------        ----        ----        ------- ----- ------------
_HEADER7                            00000000    00000030 =          48. bytes (ABS,CON)

      Value  Global                              Global Defined In Module
      -----  --------------------------------   ------------------------
ASxxxx Linker V03.00/V05.40 + sdld,  page 27.
Hexadecimal  [32-Bits]

Area                                    Addr        Size        Decimal Bytes (Attributes)
--------------------------------        ----        ----        ------- ----- ------------
_HEADER8                            00000000    00000006 =           6. bytes (ABS,CON)

      Value  Global                              Global Defined In Module
      -----  --------------------------------   ------------------------
ASxxxx Linker V03.00/V05.40 + sdld,  page 28.
Hexadecimal  [32-Bits]

Area                                    Addr        Size        Decimal Bytes (Attributes)
--------------------------------        ----        ----        ------- ----- ------------
_HEADER9                            00000000    00000003 =           3. bytes (ABS,CON)

      Value  Global                              Global Defined In Module
      -----  --------------------------------   ------------------------
ASxxxx Linker V03.00/V05.40 + sdld,  page 29.
Hexadecimal  [32-Bits]

Area                                    Addr        Size        Decimal Bytes (Attributes)
--------------------------------        ----        ----        ------- ----- ------------
_HEADERa                            00000000    00000001 =           1. bytes (ABS,CON)

      Value  Global                              Global Defined In Module
      -----  --------------------------------   ------------------------
ASxxxx Linker V03.00/V05.40 + sdld,  page 30.
Hexadecimal  [32-Bits]

Area                                    Addr        Size        Decimal Bytes (Attributes)
--------------------------------        ----        ----        ------- ----- ------------
_HEADERb                            00000000    00000001 =           1. bytes (ABS,CON)

      Value  Global                              Global Defined In Module
      -----  --------------------------------   ------------------------
ASxxxx Linker V03.00/V05.40 + sdld,  page 31.
Hexadecimal  [32-Bits]

Area                                    Addr        Size        Decimal Bytes (Attributes)
--------------------------------        ----        ----        ------- ----- ------------
_HEADERc                            00000000    00000001 =           1. bytes (ABS,CON)

      Value  Global                              Global Defined In Module
      -----  --------------------------------   ------------------------
ASxxxx Linker V03.00/V05.40 + sdld,  page 32.
Hexadecimal  [32-Bits]

Area                                    Addr        Size        Decimal Bytes (Attributes)
--------------------------------        ----        ----        ------- ----- ------------
_HEADERd                            00000000    00000002 =           2. bytes (ABS,CON)

      Value  Global                              Global Defined In Module
      -----  --------------------------------   ------------------------
ASxxxx Linker V03.00/V05.40 + sdld,  page 33.
Hexadecimal  [32-Bits]

Area                                    Addr        Size        Decimal Bytes (Attributes)
--------------------------------        ----        ----        ------- ----- ------------
_HEADERe                            00000000    00000001 =           1. bytes (ABS,CON)

      Value  Global                              Global Defined In Module
      -----  --------------------------------   ------------------------
ASxxxx Linker V03.00/V05.40 + sdld,  page 34.
Hexadecimal  [32-Bits]

Area                                    Addr        Size        Decimal Bytes (Attributes)
--------------------------------        ----        ----        ------- ----- ------------
_HEADERf                            00000000    00000001 =           1. bytes (ABS,CON)

      Value  Global                              Global Defined In Module
      -----  --------------------------------   ------------------------
ASxxxx Linker V03.00/V05.40 + sdld,  page 35.
Hexadecimal  [32-Bits]

Area                                    Addr        Size        Decimal Bytes (Attributes)
--------------------------------        ----        ----        ------- ----- ------------
_HEADER10                           00000000    00000002 =           2. bytes (ABS,CON)

      Value  Global                              Global Defined In Module
      -----  --------------------------------   ------------------------
ASxxxx Linker V03.00/V05.40 + sdld,  page 36.
Hexadecimal  [32-Bits]

Area                                    Addr        Size        Decimal Bytes (Attributes)
--------------------------------        ----        ----        ------- ----- ------------
_HEADER11                           00000000    000000AB =         171. bytes (ABS,CON)

      Value  Global                              Global Defined In Module
      -----  --------------------------------   ------------------------
     00000150  .reset                             Runtime
     00000150  _reset                             Runtime
     00000157  .code_start                        Runtime
     000001B9  _exit                              Runtime
     000001BD  .wait_vbl_done                     Runtime
     000001BD  _vsync                             Runtime
     000001BD  _wait_vbl_done                     Runtime
     000001CD  .remove_VBL                        Runtime
     000001CD  _remove_VBL                        Runtime
     000001D0  .remove_int                        Runtime
     000001ED  .add_VBL                           Runtime
     000001ED  _add_VBL                           Runtime
     000001F0  .add_int                           Runtime

ASxxxx Linker V03.00/V05.40 + sdld,  page 37.
Hexadecimal  [32-Bits]

Area                                    Addr        Size        Decimal Bytes (Attributes)
--------------------------------        ----        ----        ------- ----- ------------
_HOME                               000010BF    00002D53 =       11603. bytes (REL,CON)

      Value  Global                              Global Defined In Module
      -----  --------------------------------   ------------------------
     000010BF  .memset_simple                     Runtime
     000010C8  .memcpy_simple                     Runtime
     000010E5  .display_off                       Runtime
     000010E5  _display_off                       Runtime
     000010FD  _actors_update                     actor
     00001563  _SetBankedBkgData                  bankdata
     0000157F  _SetBankedSpriteData               bankdata
     0000159B  _SetBankedBkgTiles                 bankdata
     000015B7  _SetBankedWinTiles                 bankdata
     000015D3  _ReadBankedFarPtr                  bankdata
     000015F5  _ReadBankedUWORD                   bankdata
     0000160F  _MemcpyBanked                      bankdata
     00001631  _MemcpyVRAMBanked                  bankdata
     00001660  _IndexOfFarPtr                     bankdata
     000016E5  _camera_update                     camera
     00001818  _load_animations                   data_manager
     00001871  _events_update                     events
     00001944  _timers_update                     events
     000019CD  _input_update                      input
     000019F0  .sio_ISR                           
     00001A4A  .timer_ISR                         
     00001A5F  _simple_LCD_isr                    interrupts
     00001ADE  _fullscreen_LCD_isr                interrupts
     00001B0A  _VBL_isr                           interrupts
     00001B54  _isqrt                             math
     00001BB1  _sine_wave                         math
     00001CB1  _dir_lookup                        math
     00001CB9  _dir_angle_lookup                  math
     00001CBD  _hUGETrackerRoutine                music_manager
     00001CE4  _music_events_update               music_manager
     00001D66  _music_play_isr                    music_manager
     00001E07  _parallax_LCD_isr                  parallax
     00001E44  _projectiles_update                projectiles
     000022C5  _projectiles_render                projectiles
     0000241A  _scroll_load_pending_row           scroll
     000024A0  _scroll_load_row                   scroll
     00002515  _scroll_load_col                   scroll
     0000257E  _scroll_load_pending_col           scroll
     00002606  _set_bkg_submap                    
     00002649  _set_xy_win_submap                 
     00002676  .set_xy_win_submap                 
     0000267F  .set_xy_bkg_submap                 
     0000268E  .set_xy_submap                     
     000026DA  _sfx_play_isr                      sfx_player
     000027B3  _on_SIO_receive                    sio
     000027F4  _SIO_update                        sio
     0000285B  _ui_update                         ui
     00002993  _vm_sgb_transfer                   vm_sgb
     000029E0  _vm_load_text                      vm_ui
     00002C36  _vm_switch                         vm
ASxxxx Linker V03.00/V05.40 + sdld,  page 38.
Hexadecimal  [32-Bits]

Area                                    Addr        Size        Decimal Bytes (Attributes)
--------------------------------        ----        ----        ------- ----- ------------
_HOME                               000010BF    00002D53 =       11603. bytes (REL,CON)

      Value  Global                              Global Defined In Module
      -----  --------------------------------   ------------------------
     00002D67  _vm_beginthread                    vm
     00002E8B  _vm_rpn                            vm
     000038A3  _vm_get_far                        vm
     00003911  _vm_call_native                    vm
     00003924  _VM_STEP                           vm
     0000398E  _script_runner_update              vm
     00003AF3  _fill_win_rect                     
     00003B05  _rand                              
     00003B05  _randw                             
     00003B30  _initrand                          
     00003B32  .initrand                          
     00003B3B  _get_bkg_data                      
     00003B3B  _get_win_data                      
     00003B88  _get_sprite_data                   
     00003BBB  _abs                               abs
     00003BC8  _set_win_tiles                     
     00003BDC  _set_tile_data                     
     00003BE1  _set_bkg_data                      
     00003BE1  _set_win_data                      
     00003BE9  _set_sprite_data                   
     00003C19  _reverse                           reverse
     00003C4D  ___call__banked                    far_ptr
     00003C6A  _to_far_ptr                        far_ptr
     00003CA0  .add_LCD                           
     00003CA0  _add_LCD                           
     00003CA6  .remove_LCD                        
     00003CA6  _remove_LCD                        
     00003CAC  .fill_rect_wtt                     
     00003CB5  .fill_rect_btt                     
     00003D02  _fill_bkg_rect                     
     00003D14  .padup                             
     00003D14  _waitpadup                         
     00003D24  .jpad                              
     00003D24  _joypad                            
     00003D4C  _waitpad                           
     00003D4D  .wait_pad                          
     00003D54  ___sdcc_call_hl                    call_hl
     00003D55  _memset                            memset
     00003D88  .set_xy_wtt                        SetTileMap
     00003D91  .set_xy_btt                        SetTileMap
     00003DA0  .set_xy_tt                         SetTileMap
     00003DE4  ___sdcc_bcall_ehl                  
     00003DFE  _set_bkg_tiles                     
ASxxxx Linker V03.00/V05.40 + sdld,  page 39.
Hexadecimal  [32-Bits]

Area                                    Addr        Size        Decimal Bytes (Attributes)
--------------------------------        ----        ----        ------- ----- ------------
_INITIALIZER                        00003E12    00000019 =          25. bytes (REL,CON)

      Value  Global                              Global Defined In Module
      -----  --------------------------------   ------------------------
ASxxxx Linker V03.00/V05.40 + sdld,  page 40.
Hexadecimal  [32-Bits]

Area                                    Addr        Size        Decimal Bytes (Attributes)
--------------------------------        ----        ----        ------- ----- ------------
_GSINIT                             00003E2B    00000027 =          39. bytes (REL,CON)

      Value  Global                              Global Defined In Module
      -----  --------------------------------   ------------------------
     00003E2B  gsinit                             Runtime

ASxxxx Linker V03.00/V05.40 + sdld,  page 41.
Hexadecimal  [32-Bits]

Area                                    Addr        Size        Decimal Bytes (Attributes)
--------------------------------        ----        ----        ------- ----- ------------
_GSFINAL                            00003E52    00000001 =           1. bytes (REL,CON)

      Value  Global                              Global Defined In Module
      -----  --------------------------------   ------------------------
ASxxxx Linker V03.00/V05.40 + sdld,  page 42.
Hexadecimal  [32-Bits]

[...]
/tmp/_gbsbuild/obj/scene_cave.rel         [ scene_cave ]
/tmp/_gbsbuild/obj/scene_deep_space_actors.rel
                                          [ scene_deep_space_actors ]
/tmp/_gbsbuild/obj/scene_deep_space_collisions.rel
                                          [ scene_deep_space_collisions ]
/tmp/_gbsbuild/obj/scene_deep_space_init.rel
                                          [ scene_deep_space_init ]
/tmp/_gbsbuild/obj/scene_deep_space_sprites.rel
                                          [ scene_deep_space_sprites ]
/tmp/_gbsbuild/obj/scene_deep_space_triggers.rel
                                          [ scene_deep_space_triggers ]
/tmp/_gbsbuild/obj/scene_deep_space.rel   [ scene_deep_space ]
/tmp/_gbsbuild/obj/scene_dream_collisions.rel
                                          [ scene_dream_collisions ]
/tmp/_gbsbuild/obj/scene_dream_init.rel   [ scene_dream_init ]
/tmp/_gbsbuild/obj/scene_dream.rel        [ scene_dream ]
/tmp/_gbsbuild/obj/scene_launch_site_actors.rel
                                          [ scene_launch_site_actors ]
/tmp/_gbsbuild/obj/scene_launch_site_collisions.rel
                                          [ scene_launch_site_collisions ]
/tmp/_gbsbuild/obj/scene_launch_site_init.rel
                                          [ scene_launch_site_init ]
/tmp/_gbsbuild/obj/scene_launch_site_sprites.rel
                                          [ scene_launch_site_sprites ]
/tmp/_gbsbuild/obj/scene_launch_site_triggers.rel
                                          [ scene_launch_site_triggers ]
/tmp/_gbsbuild/obj/scene_launch_site.rel  [ scene_launch_site ]
/tmp/_gbsbuild/obj/scene_logo_collisions.rel
                                          [ scene_logo_collisions ]
/tmp/_gbsbuild/obj/scene_logo_init.rel    [ scene_logo_init ]
/tmp/_gbsbuild/obj/scene_logo.rel         [ scene_logo ]
/tmp/_gbsbuild/obj/scene_menu_page_1_actors.rel
                                          [ scene_menu_page_1_actors ]
/tmp/_gbsbuild/obj/scene_menu_page_1_collisions.rel
                                          [ scene_menu_page_1_collisions ]
/tmp/_gbsbuild/obj/scene_menu_page_1_init.rel
                                          [ scene_menu_page_1_init ]
/tmp/_gbsbuild/obj/scene_menu_page_1_sprites.rel
                                          [ scene_menu_page_1_sprites ]
/tmp/_gbsbuild/obj/scene_menu_page_1.rel  [ scene_menu_page_1 ]
/tmp/_gbsbuild/obj/scene_menu_page_2_actors.rel
                                          [ scene_menu_page_2_actors ]
/tmp/_gbsbuild/obj/scene_menu_page_2_collisions.rel
                                          [ scene_menu_page_2_collisions ]
/tmp/_gbsbuild/obj/scene_menu_page_2_init.rel
                                          [ scene_menu_page_2_init ]
/tmp/_gbsbuild/obj/scene_menu_page_2_sprites.rel
                                          [ scene_menu_page_2_sprites ]
/tmp/_gbsbuild/obj/scene_menu_page_2.rel  [ scene_menu_page_2 ]
/tmp/_gbsbuild/obj/scene_player_s_house_actors.rel
                                          [ scene_player_s_house_actors ]
/tmp/_gbsbuild/obj/scene_player_s_house_collisions.rel
                                          [ scene_player_s_house_collisions ]
/tmp/_gbsbuild/obj/scene_player_s_house_init.rel
                                          [ scene_player_s_house_init ]
/tmp/_gbsbuild/obj/scene_player_s_house_sprites.rel
                                          [ scene_player_s_house_sprites ]
/tmp/_gbsbuild/obj/scene_player_s_house_triggers.rel
                                          [ scene_player_s_house_triggers ]
/tmp/_gbsbuild/obj/scene_player_s_house.rel
                                          [ scene_player_s_house ]
/tmp/_gbsbuild/obj/scene_sample_town_actors.rel
                                          [ scene_sample_town_actors ]
/tmp/_gbsbuild/obj/scene_sample_town_collisions.rel
                                          [ scene_sample_town_collisions ]
/tmp/_gbsbuild/obj/scene_sample_town_init.rel
                                          [ scene_sample_town_init ]
/tmp/_gbsbuild/obj/scene_sample_town_projectiles.rel
                                          [ scene_sample_town_projectiles ]
/tmp/_gbsbuild/obj/scene_sample_town_sprites.rel
                                          [ scene_sample_town_sprites ]
/tmp/_gbsbuild/obj/scene_sample_town_triggers.rel
                                          [ scene_sample_town_triggers ]
/tmp/_gbsbuild/obj/scene_sample_town.rel  [ scene_sample_town ]
/tmp/_gbsbuild/obj/scene_space_battle_actors.rel
                                          [ scene_space_battle_actors ]
/tmp/_gbsbuild/obj/scene_space_battle_collisions.rel
                                          [ scene_space_battle_collisions ]
/tmp/_gbsbuild/obj/scene_space_battle_init.rel
                                          [ scene_space_battle_init ]
/tmp/_gbsbuild/obj/scene_space_battle_p_hit1.rel
                                          [ scene_space_battle_p_hit1 ]
/tmp/_gbsbuild/obj/scene_space_battle_projectiles.rel
                                          [ scene_space_battle_projectiles ]
/tmp/_gbsbuild/obj/scene_space_battle_sprites.rel
                                          [ scene_space_battle_sprites ]
/tmp/_gbsbuild/obj/scene_space_battle_triggers.rel
                                          [ scene_space_battle_triggers ]
/tmp/_gbsbuild/obj/scene_space_battle.rel
                                          [ scene_space_battle ]
/tmp/_gbsbuild/obj/scene_title_screen_collisions.rel
                                          [ scene_title_screen_collisions ]
/tmp/_gbsbuild/obj/scene_title_screen_init.rel
                                          [ scene_title_screen_init ]
/tmp/_gbsbuild/obj/scene_title_screen.rel
                                          [ scene_title_screen ]
/tmp/_gbsbuild/obj/scene_top_house_actors.rel
                                          [ scene_top_house_actors ]
/tmp/_gbsbuild/obj/scene_top_house_collisions.rel
                                          [ scene_top_house_collisions ]
/tmp/_gbsbuild/obj/scene_top_house_init.rel
                                          [ scene_top_house_init ]
/tmp/_gbsbuild/obj/scene_top_house_sprites.rel
                                          [ scene_top_house_sprites ]
/tmp/_gbsbuild/obj/scene_top_house_triggers.rel
                                          [ scene_top_house_triggers ]
/tmp/_gbsbuild/obj/scene_top_house.rel    [ scene_top_house ]
/tmp/_gbsbuild/obj/scene_underground_actors.rel
                                          [ scene_underground_actors ]
/tmp/_gbsbuild/obj/scene_underground_collisions.rel
                                          [ scene_underground_collisions ]
/tmp/_gbsbuild/obj/scene_underground_init.rel
                                          [ scene_underground_init ]
/tmp/_gbsbuild/obj/scene_underground_projectiles.rel
                                          [ scene_underground_projectiles ]
/tmp/_gbsbuild/obj/scene_underground_sprites.rel
                                          [ scene_underground_sprites ]
/tmp/_gbsbuild/obj/scene_underground_triggers.rel
                                          [ scene_underground_triggers ]
/tmp/_gbsbuild/obj/scene_underground.rel  [ scene_underground ]
/tmp/_gbsbuild/obj/script_12.rel          [ script_12 ]
/tmp/_gbsbuild/obj/script_enemy_ship_destroy.rel
                                          [ script_enemy_ship_destroy ]
/tmp/_gbsbuild/obj/script_enemy_ship_hit_playe.rel
                                          [ script_enemy_ship_hit_playe ]
/tmp/_gbsbuild/obj/script_enemy_ship_movement__0.rel
                                          [ script_enemy_ship_movement__0 ]
/tmp/_gbsbuild/obj/script_enemy_ship_movement__1.rel
                                          [ script_enemy_ship_movement__1 ]
/tmp/_gbsbuild/obj/script_enemy_ship_movement__2.rel
                                          [ script_enemy_ship_movement__2 ]
/tmp/_gbsbuild/obj/script_enemy_ship_movement_.rel
                                          [ script_enemy_ship_movement_ ]
/tmp/_gbsbuild/obj/script_engine_init.rel
                                          [  ]
/tmp/_gbsbuild/obj/script_init_menu.rel   [ script_init_menu ]
/tmp/_gbsbuild/obj/script_init_weapons.rel
                                          [ script_init_weapons ]
/tmp/_gbsbuild/obj/script_input_0.rel     [ script_input_0 ]
/tmp/_gbsbuild/obj/script_input_2.rel     [ script_input_2 ]
/tmp/_gbsbuild/obj/script_input_4.rel     [ script_input_4 ]
/tmp/_gbsbuild/obj/script_input.rel       [ script_input ]
/tmp/_gbsbuild/obj/script_timer.rel       [ script_timer ]
/tmp/_gbsbuild/obj/sound_gbstudio_sfx_sav.rel
                                          [ sound_gbstudio_sfx_sav ]
/tmp/_gbsbuild/obj/sound_legacy_0_0.rel   [ sound_legacy_0_0 ]
/tmp/_gbsbuild/obj/sound_legacy_0.rel     [ sound_legacy_0 ]
/tmp/_gbsbuild/obj/sprite_bullet_left_tileset.rel
                                          [ sprite_bullet_left_tileset ]
/tmp/_gbsbuild/obj/sprite_bullet_left.rel
                                          [ sprite_bullet_left ]
/tmp/_gbsbuild/obj/sprite_bullet_tileset.rel
                                          [ sprite_bullet_tileset ]
/tmp/_gbsbuild/obj/sprite_bullet.rel      [ sprite_bullet ]
/tmp/_gbsbuild/obj/sprite_cat_tileset.rel
                                          [ sprite_cat_tileset ]
/tmp/_gbsbuild/obj/sprite_cat.rel         [ sprite_cat ]
/tmp/_gbsbuild/obj/sprite_checkbox_tileset.rel
                                          [ sprite_checkbox_tileset ]
/tmp/_gbsbuild/obj/sprite_checkbox.rel    [ sprite_checkbox ]
/tmp/_gbsbuild/obj/sprite_chest_tileset.rel
                                          [ sprite_chest_tileset ]
/tmp/_gbsbuild/obj/sprite_chest.rel       [ sprite_chest ]
/tmp/_gbsbuild/obj/sprite_cursor_tileset.rel
                                          [ sprite_cursor_tileset ]
/tmp/_gbsbuild/obj/sprite_cursor.rel      [ sprite_cursor ]
/tmp/_gbsbuild/obj/sprite_dog_tileset.rel
                                          [ sprite_dog_tileset ]
/tmp/_gbsbuild/obj/sprite_dog.rel         [ sprite_dog ]
/tmp/_gbsbuild/obj/sprite_drumkit_tileset.rel
                                          [ sprite_drumkit_tileset ]
/tmp/_gbsbuild/obj/sprite_drumkit.rel     [ sprite_drumkit ]
/tmp/_gbsbuild/obj/sprite_duck_tileset.rel
                                          [ sprite_duck_tileset ]
/tmp/_gbsbuild/obj/sprite_duck.rel        [ sprite_duck ]
/tmp/_gbsbuild/obj/sprite_enemy_ship_tileset.rel
                                          [ sprite_enemy_ship_tileset ]
/tmp/_gbsbuild/obj/sprite_enemy_ship.rel  [ sprite_enemy_ship ]
/tmp/_gbsbuild/obj/sprite_fire_tileset.rel
                                          [ sprite_fire_tileset ]
/tmp/_gbsbuild/obj/sprite_fire.rel        [ sprite_fire ]
/tmp/_gbsbuild/obj/sprite_healthone_tileset.rel
                                          [ sprite_healthone_tileset ]
/tmp/_gbsbuild/obj/sprite_healthone.rel   [ sprite_healthone ]
/tmp/_gbsbuild/obj/sprite_hooded_figure_animat_tileset.rel
                                          [ sprite_hooded_figure_animat_tile ]
/tmp/_gbsbuild/obj/sprite_hooded_figure_animat.rel
                                          [ sprite_hooded_figure_animat ]
/tmp/_gbsbuild/obj/sprite_ice_tileset.rel
                                          [ sprite_ice_tileset ]
/tmp/_gbsbuild/obj/sprite_ice.rel         [ sprite_ice ]
/tmp/_gbsbuild/obj/sprite_keyboard_tileset.rel
                                          [ sprite_keyboard_tileset ]
/tmp/_gbsbuild/obj/sprite_keyboard.rel    [ sprite_keyboard ]
/tmp/_gbsbuild/obj/sprite_machine_tileset.rel
                                          [ sprite_machine_tileset ]
/tmp/_gbsbuild/obj/sprite_machine.rel     [ sprite_machine ]
/tmp/_gbsbuild/obj/sprite_npc002_tileset.rel
                                          [ sprite_npc002_tileset ]
/tmp/_gbsbuild/obj/sprite_npc002.rel      [ sprite_npc002 ]
/tmp/_gbsbuild/obj/sprite_npc005_tileset.rel
                                          [ sprite_npc005_tileset ]
/tmp/_gbsbuild/obj/sprite_npc005.rel      [ sprite_npc005 ]
/tmp/_gbsbuild/obj/sprite_npc008_tileset.rel
                                          [ sprite_npc008_tileset ]
/tmp/_gbsbuild/obj/sprite_npc008.rel      [ sprite_npc008 ]
/tmp/_gbsbuild/obj/sprite_player_ship_tileset.rel
                                          [ sprite_player_ship_tileset ]
/tmp/_gbsbuild/obj/sprite_player_ship.rel
                                          [ sprite_player_ship ]
/tmp/_gbsbuild/obj/sprite_pod_door_tileset.rel
                                          [ sprite_pod_door_tileset ]
/tmp/_gbsbuild/obj/sprite_pod_door.rel    [ sprite_pod_door ]
/tmp/_gbsbuild/obj/sprite_portal_tileset.rel
                                          [ sprite_portal_tileset ]
/tmp/_gbsbuild/obj/sprite_portal.rel      [ sprite_portal ]
/tmp/_gbsbuild/obj/sprite_radio_tileset.rel
                                          [ sprite_radio_tileset ]
/tmp/_gbsbuild/obj/sprite_radio.rel       [ sprite_radio ]
/tmp/_gbsbuild/obj/sprite_rock_tileset.rel
                                          [ sprite_rock_tileset ]
/tmp/_gbsbuild/obj/sprite_rock.rel        [ sprite_rock ]
/tmp/_gbsbuild/obj/sprite_sage_tileset.rel
                                          [ sprite_sage_tileset ]
/tmp/_gbsbuild/obj/sprite_sage.rel        [ sprite_sage ]
/tmp/_gbsbuild/obj/sprite_savepoint_tileset.rel
                                          [ sprite_savepoint_tileset ]
/tmp/_gbsbuild/obj/sprite_savepoint.rel   [ sprite_savepoint ]
/tmp/_gbsbuild/obj/sprite_signpost_tileset.rel
                                          [ sprite_signpost_tileset ]
/tmp/_gbsbuild/obj/sprite_signpost.rel    [ sprite_signpost ]
/tmp/_gbsbuild/obj/sprite_space_mine_tileset.rel
                                          [ sprite_space_mine_tileset ]
/tmp/_gbsbuild/obj/sprite_space_mine.rel  [ sprite_space_mine ]
/tmp/_gbsbuild/obj/sprite_torch_tileset.rel
                                          [ sprite_torch_tileset ]
/tmp/_gbsbuild/obj/sprite_torch.rel       [ sprite_torch ]
/tmp/_gbsbuild/obj/sprite_turnip_tileset.rel
                                          [ sprite_turnip_tileset ]
/tmp/_gbsbuild/obj/sprite_turnip.rel      [ sprite_turnip ]
/tmp/_gbsbuild/obj/sprite_ui_weapon_tileset.rel
                                          [ sprite_ui_weapon_tileset ]
/tmp/_gbsbuild/obj/sprite_ui_weapon.rel   [ sprite_ui_weapon ]
/tmp/_gbsbuild/obj/sprite_villager_bunny_tileset.rel
                                          [ sprite_villager_bunny_tileset ]
/tmp/_gbsbuild/obj/sprite_villager_bunny.rel
                                          [ sprite_villager_bunny ]
/tmp/_gbsbuild/obj/sprite_villager_cat_tileset.rel
                                          [ sprite_villager_cat_tileset ]
/tmp/_gbsbuild/obj/sprite_villager_cat.rel
                                          [ sprite_villager_cat ]
/tmp/_gbsbuild/obj/sprite_villager_deer_tileset.rel
                                          [ sprite_villager_deer_tileset ]
/tmp/_gbsbuild/obj/sprite_villager_deer.rel
                                          [ sprite_villager_deer ]
/tmp/_gbsbuild/obj/sprite_villager_elephant_tileset.rel
                                          [ sprite_villager_elephant_tileset ]
/tmp/_gbsbuild/obj/sprite_villager_elephant.rel
                                          [ sprite_villager_elephant ]
/tmp/_gbsbuild/obj/spritesheet_none.rel   [ spritesheet_none ]
/tmp/_gbsbuild/obj/tileset_default_frame.rel
                                          [ tileset_default_frame ]
/tmp/_gbsbuild/obj/tileset_flowers.rel    [ tileset_flowers ]
/tmp/_gbsbuild/obj/tileset_waterfall.rel  [ tileset_waterfall ]
/tmp/_gbsbuild/obj/trigger_0_interact.rel
                                          [ trigger_0_interact ]
/tmp/_gbsbuild/obj/trigger_1_interact.rel
                                          [ trigger_1_interact ]
/tmp/_gbsbuild/obj/trigger_13_interact.rel
                                          [ trigger_13_interact ]
/tmp/_gbsbuild/obj/trigger_14_interact.rel
                                          [ trigger_14_interact ]
/tmp/_gbsbuild/obj/trigger_15_interact.rel
                                          [ trigger_15_interact ]
/tmp/_gbsbuild/obj/trigger_16_interact.rel
                                          [ trigger_16_interact ]
/tmp/_gbsbuild/obj/trigger_18_interact.rel
                                          [ trigger_18_interact ]
/tmp/_gbsbuild/obj/trigger_19_interact.rel
                                          [ trigger_19_interact ]
/tmp/_gbsbuild/obj/trigger_2_interact.rel
                                          [ trigger_2_interact ]
/tmp/_gbsbuild/obj/trigger_3_interact.rel
                                          [ trigger_3_interact ]
/tmp/_gbsbuild/obj/trigger_36_interact.rel
                                          [ trigger_36_interact ]
/tmp/_gbsbuild/obj/trigger_37_interact.rel
                                          [ trigger_37_interact ]
/tmp/_gbsbuild/obj/trigger_38_interact.rel
                                          [ trigger_38_interact ]
/tmp/_gbsbuild/obj/trigger_4_interact.rel
                                          [ trigger_4_interact ]
/tmp/_gbsbuild/obj/trigger_41_interact.rel
                                          [ trigger_41_interact ]
/tmp/_gbsbuild/obj/trigger_6_interact.rel
                                          [ trigger_6_interact ]
/tmp/_gbsbuild/obj/trigger_7_interact.rel
                                          [ trigger_7_interact ]
/tmp/_gbsbuild/obj/trigger_8_interact.rel
                                          [ trigger_8_interact ]
/tmp/_gbsbuild/obj/main.rel               [ main ]
/tmp/_gbsbuild/obj/logo.rel               [ logo ]
/tmp/_gbsbuild/obj/pointnclick.rel        [ pointnclick ]
/tmp/_gbsbuild/obj/states_ptrs.rel        [  ]
/tmp/_gbsbuild/obj/topdown.rel            [ topdown ]


Libraries Linked                          [ object file ]

/tmp/_gbstools/gbdk/lib/gb/gb.lib         [ fill_rect_wi.o ]
/tmp/_gbstools/gbdk/lib/sm83/sm83.lib     [ rand.o ]
lib/hUGEDriver.lib                        [ hUGEDriver.o ]
/tmp/_gbstools/gbdk/lib/gb/gb.lib         [ sfr.o ]
/tmp/_gbstools/gbdk/lib/gb/gb.lib         [ get_data.o ]
/tmp/_gbstools/gbdk/lib/gb/gb.lib         [ get_tile.o ]
/tmp/_gbstools/gbdk/lib/gb/gb.lib         [ cgb_palettes.o ]
/tmp/_gbstools/gbdk/lib/gb/gb.lib         [ metasprites_hide_spr.o ]
/tmp/_gbstools/gbdk/lib/sm83/sm83.lib     [ mul.o ]
/tmp/_gbstools/gbdk/lib/gb/gb.lib         [ set_tile.o ]
/tmp/_gbstools/gbdk/lib/sm83/sm83.lib     [ abs.o ]
/tmp/_gbstools/gbdk/lib/gb/gb.lib         [ set_wi_t.o ]
/tmp/_gbstools/gbdk/lib/gb/gb.lib         [ set_data.o ]
/tmp/_gbstools/gbdk/lib/sm83/sm83.lib     [ reverse.o ]
/tmp/_gbstools/gbdk/lib/gb/gb.lib         [ far_ptr.o ]
/tmp/_gbstools/gbdk/lib/gb/gb.lib         [ sgb.o ]
/tmp/_gbstools/gbdk/lib/gb/gb.lib         [ lcd.o ]
/tmp/_gbstools/gbdk/lib/gb/gb.lib         [ fill_rect.o ]
/tmp/_gbstools/gbdk/lib/gb/gb.lib         [ cpy_data.o ]
/tmp/_gbstools/gbdk/lib/gb/gb.lib         [ fill_rect_bk.o ]
/tmp/_gbstools/gbdk/lib/gb/gb.lib         [ pad.o ]
/tmp/_gbstools/gbdk/lib/gb/gb.lib         [ metasprites.o ]
/tmp/_gbstools/gbdk/lib/sm83/sm83.lib     [ __sdcc_call_hl.o ]
/tmp/_gbstools/gbdk/lib/sm83/sm83.lib     [ memcpy.o ]
/tmp/_gbstools/gbdk/lib/sm83/sm83.lib     [ _memset.o ]
/tmp/_gbstools/gbdk/lib/gb/gb.lib         [ set_xy_t.o ]
/tmp/_gbstools/gbdk/lib/gb/gb.lib         [ ___sdcc_bcall_ehl.o ]
/tmp/_gbstools/gbdk/lib/gb/gb.lib         [ cgb.o ]
/tmp/_gbstools/gbdk/lib/sm83/sm83.lib     [ div.o ]
/tmp/_gbstools/gbdk/lib/gb/gb.lib         [ set_bk_t.o ]

ASxxxx Linker V03.00/V05.40 + sdld,  page 92.

User Base Address Definitions

_DATA=0xC0A0
_CODE=0x0200
ASxxxx Linker V03.00/V05.40 + sdld,  page 93.

User Global Definitions

.STACK=0xDF00
_shadow_OAM=0xC000
.refresh_OAM=0xFF80
__start_save=12

